// Jest Snapshot v1, https://goo.gl/fbAQLP

exports[`should take a snapshot 1`] = `
<DocumentFragment>
  <button
    class="bg-transparent-700 hover:bg-transparent-500 text-black-700 font-semibold hover:text-black-700 py-2 px-4 border border-black-700 "
    type="button"
  >
    test button
  </button>
</DocumentFragment>
`;
