// Jest Snapshot v1, https://goo.gl/fbAQLP

exports[`should take a snapshot 1`] = `
<DocumentFragment>
  <select
    class="pt-2"
    id="tailui-select"
  />
</DocumentFragment>
`;
